// Jest Snapshot v1, https://goo.gl/fbAQLP

exports[`getNotes Saga should call the notesLoadingError action if the response errors 1`] = `
Object {
  "@@redux-saga/IO": true,
  "combinator": false,
  "payload": Object {
    "args": Array [
      "/fetchNotes",
    ],
    "context": null,
    "fn": [Function],
  },
  "type": "CALL",
}
`;

exports[`getNotes Saga should call the notesLoadingError action if the response errors 2`] = `
Object {
  "@@redux-saga/IO": true,
  "combinator": false,
  "payload": Object {
    "action": Object {
      "notes": "a test note",
      "type": "boilerplate/App/LOAD_NOTES_SUCCESS",
    },
    "channel": undefined,
  },
  "type": "PUT",
}
`;

exports[`getNotes Saga should dispatch the notesLoaded action if it requests the data successfully 1`] = `
Object {
  "@@redux-saga/IO": true,
  "combinator": false,
  "payload": Object {
    "args": Array [
      "/fetchNotes",
    ],
    "context": null,
    "fn": [Function],
  },
  "type": "CALL",
}
`;

exports[`getNotes Saga should dispatch the notesLoaded action if it requests the data successfully 2`] = `
Object {
  "@@redux-saga/IO": true,
  "combinator": false,
  "payload": Object {
    "action": Object {
      "notes": "a test note",
      "type": "boilerplate/App/LOAD_NOTES_SUCCESS",
    },
    "channel": undefined,
  },
  "type": "PUT",
}
`;
