// Jest Snapshot v1, https://goo.gl/fbAQLP

exports[`addNote Saga should call the noteAddingError action if the response errors 1`] = `
Object {
  "@@redux-saga/IO": true,
  "combinator": false,
  "payload": Object {
    "args": Array [],
    "selector": [Function],
  },
  "type": "SELECT",
}
`;

exports[`addNote Saga should call the noteAddingError action if the response errors 2`] = `
Object {
  "@@redux-saga/IO": true,
  "combinator": false,
  "payload": Object {
    "args": Array [
      "/addNote",
      Object {
        "body": "{\\"text\\":\\"a test note\\"}",
        "headers": Object {
          "Accept": "application/json",
          "Content-Type": "application/json",
        },
        "method": "POST",
      },
    ],
    "context": null,
    "fn": [Function],
  },
  "type": "CALL",
}
`;

exports[`addNote Saga should dispatch the noteAdded action if it requests the data successfully 1`] = `
Object {
  "@@redux-saga/IO": true,
  "combinator": false,
  "payload": Object {
    "args": Array [],
    "selector": [Function],
  },
  "type": "SELECT",
}
`;

exports[`addNote Saga should dispatch the noteAdded action if it requests the data successfully 2`] = `
Object {
  "@@redux-saga/IO": true,
  "combinator": false,
  "payload": Object {
    "args": Array [
      "/addNote",
      Object {
        "body": "{\\"text\\":\\"a test note\\"}",
        "headers": Object {
          "Accept": "application/json",
          "Content-Type": "application/json",
        },
        "method": "POST",
      },
    ],
    "context": null,
    "fn": [Function],
  },
  "type": "CALL",
}
`;
